// Jest Snapshot v1, https://goo.gl/fbAQLP

exports[`The stack transformation can stack values 1`] = `
Array [
  Object {
    "c": 0,
    "x": 0,
    "y": 28,
    "y0": 90,
    "y1": 118,
    Symbol(vega_id): 1,
  },
  Object {
    "c": 1,
    "x": 0,
    "y": 55,
    "y0": 35,
    "y1": 90,
    Symbol(vega_id): 2,
  },
  Object {
    "c": 0,
    "x": 1,
    "y": 43,
    "y0": 100.5,
    "y1": 143.5,
    Symbol(vega_id): 3,
  },
  Object {
    "c": 1,
    "x": 1,
    "y": 91,
    "y0": 9.5,
    "y1": 100.5,
    Symbol(vega_id): 4,
  },
  Object {
    "c": 0,
    "x": 2,
    "y": 81,
    "y0": 62.5,
    "y1": 143.5,
    Symbol(vega_id): 5,
  },
  Object {
    "c": 1,
    "x": 2,
    "y": 53,
    "y0": 9.5,
    "y1": 62.5,
    Symbol(vega_id): 6,
  },
  Object {
    "c": 0,
    "x": 3,
    "y": 19,
    "y0": 110.5,
    "y1": 129.5,
    Symbol(vega_id): 7,
  },
  Object {
    "c": 1,
    "x": 3,
    "y": 87,
    "y0": 23.5,
    "y1": 110.5,
    Symbol(vega_id): 8,
  },
  Object {
    "c": 0,
    "x": 4,
    "y": 52,
    "y0": 74.5,
    "y1": 126.5,
    Symbol(vega_id): 9,
  },
  Object {
    "c": 1,
    "x": 4,
    "y": 48,
    "y0": 26.5,
    "y1": 74.5,
    Symbol(vega_id): 10,
  },
  Object {
    "c": 0,
    "x": 5,
    "y": 24,
    "y0": 89,
    "y1": 113,
    Symbol(vega_id): 11,
  },
  Object {
    "c": 1,
    "x": 5,
    "y": 49,
    "y0": 40,
    "y1": 89,
    Symbol(vega_id): 12,
  },
  Object {
    "c": 0,
    "x": 6,
    "y": 87,
    "y0": 66,
    "y1": 153,
    Symbol(vega_id): 13,
  },
  Object {
    "c": 1,
    "x": 6,
    "y": 66,
    "y0": 0,
    "y1": 66,
    Symbol(vega_id): 14,
  },
  Object {
    "c": 0,
    "x": 7,
    "y": 17,
    "y0": 81.5,
    "y1": 98.5,
    Symbol(vega_id): 15,
  },
  Object {
    "c": 1,
    "x": 7,
    "y": 27,
    "y0": 54.5,
    "y1": 81.5,
    Symbol(vega_id): 16,
  },
  Object {
    "c": 0,
    "x": 8,
    "y": 68,
    "y0": 50.5,
    "y1": 118.5,
    Symbol(vega_id): 17,
  },
  Object {
    "c": 1,
    "x": 8,
    "y": 16,
    "y0": 34.5,
    "y1": 50.5,
    Symbol(vega_id): 18,
  },
  Object {
    "c": 0,
    "x": 9,
    "y": 49,
    "y0": 59.5,
    "y1": 108.5,
    Symbol(vega_id): 19,
  },
  Object {
    "c": 1,
    "x": 9,
    "y": 15,
    "y0": 44.5,
    "y1": 59.5,
    Symbol(vega_id): 20,
  },
]
`;

exports[`The stack transformation can stack values 2`] = `
Array [
  Object {
    "c": 0,
    "x": 0,
    "y": 28,
    "y0": 90,
    "y1": 118,
    Symbol(vega_id): 1,
  },
  Object {
    "c": 1,
    "x": 0,
    "y": 55,
    "y0": 35,
    "y1": 90,
    Symbol(vega_id): 2,
  },
  Object {
    "c": 0,
    "x": 1,
    "y": 43,
    "y0": 100.5,
    "y1": 143.5,
    Symbol(vega_id): 3,
  },
  Object {
    "c": 1,
    "x": 1,
    "y": 91,
    "y0": 9.5,
    "y1": 100.5,
    Symbol(vega_id): 4,
  },
  Object {
    "c": 0,
    "x": 2,
    "y": 81,
    "y0": 62.5,
    "y1": 143.5,
    Symbol(vega_id): 5,
  },
  Object {
    "c": 1,
    "x": 2,
    "y": 53,
    "y0": 9.5,
    "y1": 62.5,
    Symbol(vega_id): 6,
  },
  Object {
    "c": 0,
    "x": 3,
    "y": 19,
    "y0": 110.5,
    "y1": 129.5,
    Symbol(vega_id): 7,
  },
  Object {
    "c": 1,
    "x": 3,
    "y": 87,
    "y0": 23.5,
    "y1": 110.5,
    Symbol(vega_id): 8,
  },
  Object {
    "c": 0,
    "x": 4,
    "y": 52,
    "y0": 74.5,
    "y1": 126.5,
    Symbol(vega_id): 9,
  },
  Object {
    "c": 1,
    "x": 4,
    "y": 48,
    "y0": 26.5,
    "y1": 74.5,
    Symbol(vega_id): 10,
  },
  Object {
    "c": 0,
    "x": 5,
    "y": 24,
    "y0": 89,
    "y1": 113,
    Symbol(vega_id): 11,
  },
  Object {
    "c": 1,
    "x": 5,
    "y": 49,
    "y0": 40,
    "y1": 89,
    Symbol(vega_id): 12,
  },
  Object {
    "c": 0,
    "x": 6,
    "y": 87,
    "y0": 66,
    "y1": 153,
    Symbol(vega_id): 13,
  },
  Object {
    "c": 1,
    "x": 6,
    "y": 66,
    "y0": 0,
    "y1": 66,
    Symbol(vega_id): 14,
  },
  Object {
    "c": 0,
    "x": 7,
    "y": 17,
    "y0": 81.5,
    "y1": 98.5,
    Symbol(vega_id): 15,
  },
  Object {
    "c": 1,
    "x": 7,
    "y": 27,
    "y0": 54.5,
    "y1": 81.5,
    Symbol(vega_id): 16,
  },
  Object {
    "c": 0,
    "x": 8,
    "y": 68,
    "y0": 50.5,
    "y1": 118.5,
    Symbol(vega_id): 17,
  },
  Object {
    "c": 1,
    "x": 8,
    "y": 16,
    "y0": 34.5,
    "y1": 50.5,
    Symbol(vega_id): 18,
  },
  Object {
    "c": 0,
    "x": 9,
    "y": 49,
    "y0": 59.5,
    "y1": 108.5,
    Symbol(vega_id): 19,
  },
  Object {
    "c": 1,
    "x": 9,
    "y": 15,
    "y0": 44.5,
    "y1": 59.5,
    Symbol(vega_id): 20,
  },
]
`;

exports[`The stack transformation can stack values 3`] = `
Array [
  Object {
    "c": 0,
    "x": 0,
    "y": 28,
    "y0": 90,
    "y1": 118,
    Symbol(vega_id): 1,
  },
  Object {
    "c": 1,
    "x": 0,
    "y": 55,
    "y0": 35,
    "y1": 90,
    Symbol(vega_id): 2,
  },
  Object {
    "c": 0,
    "x": 1,
    "y": 43,
    "y0": 100.5,
    "y1": 143.5,
    Symbol(vega_id): 3,
  },
  Object {
    "c": 1,
    "x": 1,
    "y": 91,
    "y0": 9.5,
    "y1": 100.5,
    Symbol(vega_id): 4,
  },
  Object {
    "c": 0,
    "x": 2,
    "y": 81,
    "y0": 62.5,
    "y1": 143.5,
    Symbol(vega_id): 5,
  },
  Object {
    "c": 1,
    "x": 2,
    "y": 53,
    "y0": 9.5,
    "y1": 62.5,
    Symbol(vega_id): 6,
  },
  Object {
    "c": 0,
    "x": 3,
    "y": 19,
    "y0": 110.5,
    "y1": 129.5,
    Symbol(vega_id): 7,
  },
  Object {
    "c": 1,
    "x": 3,
    "y": 87,
    "y0": 23.5,
    "y1": 110.5,
    Symbol(vega_id): 8,
  },
  Object {
    "c": 0,
    "x": 4,
    "y": 52,
    "y0": 74.5,
    "y1": 126.5,
    Symbol(vega_id): 9,
  },
  Object {
    "c": 1,
    "x": 4,
    "y": 48,
    "y0": 26.5,
    "y1": 74.5,
    Symbol(vega_id): 10,
  },
  Object {
    "c": 0,
    "x": 5,
    "y": 24,
    "y0": 89,
    "y1": 113,
    Symbol(vega_id): 11,
  },
  Object {
    "c": 1,
    "x": 5,
    "y": 49,
    "y0": 40,
    "y1": 89,
    Symbol(vega_id): 12,
  },
  Object {
    "c": 0,
    "x": 6,
    "y": 87,
    "y0": 66,
    "y1": 153,
    Symbol(vega_id): 13,
  },
  Object {
    "c": 1,
    "x": 6,
    "y": 66,
    "y0": 0,
    "y1": 66,
    Symbol(vega_id): 14,
  },
  Object {
    "c": 0,
    "x": 7,
    "y": 17,
    "y0": 81.5,
    "y1": 98.5,
    Symbol(vega_id): 15,
  },
  Object {
    "c": 1,
    "x": 7,
    "y": 27,
    "y0": 54.5,
    "y1": 81.5,
    Symbol(vega_id): 16,
  },
  Object {
    "c": 0,
    "x": 8,
    "y": 68,
    "y0": 50.5,
    "y1": 118.5,
    Symbol(vega_id): 17,
  },
  Object {
    "c": 1,
    "x": 8,
    "y": 16,
    "y0": 34.5,
    "y1": 50.5,
    Symbol(vega_id): 18,
  },
  Object {
    "c": 0,
    "x": 9,
    "y": 49,
    "y0": 59.5,
    "y1": 108.5,
    Symbol(vega_id): 19,
  },
  Object {
    "c": 1,
    "x": 9,
    "y": 15,
    "y0": 44.5,
    "y1": 59.5,
    Symbol(vega_id): 20,
  },
]
`;
